// Jest Snapshot v1, https://goo.gl/fbAQLP

exports[`setFilters works 1`] = `
Array [
  Array [
    CustomEvent {
      "isTrusted": false,
    },
  ],
  Array [
    CustomEvent {
      "isTrusted": false,
    },
  ],
]
`;

exports[`setFilters works 2`] = `
Array [
  Array [],
]
`;

exports[`setFilters works 3`] = `
Array [
  Array [
    "sequences",
    Array [
      "step",
      Array [
        "zoom",
      ],
      true,
      7,
      Array [
        "all",
        Array [
          ">=",
          Array [
            "get",
            "date",
          ],
          "2023-01-01",
        ],
        Array [
          "<=",
          Array [
            "get",
            "date",
          ],
          "2023-08-08",
        ],
        Array [
          "==",
          Array [
            "get",
            "type",
          ],
          "equirectangular",
        ],
        Array [
          ">=",
          Array [
            "get",
            "model",
          ],
          "sony                    ",
          Array [
            "collator",
            Object {
              "case-sensitive": false,
              "diacritic-sensitive": false,
            },
          ],
        ],
        Array [
          "<=",
          Array [
            "get",
            "model",
          ],
          "sonyzzzzzzzzzzzzzzzzzzzz",
          Array [
            "collator",
            Object {
              "case-sensitive": false,
              "diacritic-sensitive": false,
            },
          ],
        ],
      ],
    ],
  ],
  Array [
    "pictures",
    Array [
      "step",
      Array [
        "zoom",
      ],
      true,
      15,
      Array [
        "all",
        Array [
          ">=",
          Array [
            "get",
            "ts",
          ],
          "2023-01-01",
        ],
        Array [
          "<=",
          Array [
            "get",
            "ts",
          ],
          "2023-08-09",
        ],
        Array [
          "==",
          Array [
            "get",
            "type",
          ],
          "equirectangular",
        ],
        Array [
          ">=",
          Array [
            "get",
            "model",
          ],
          "sony                    ",
          Array [
            "collator",
            Object {
              "case-sensitive": false,
              "diacritic-sensitive": false,
            },
          ],
        ],
        Array [
          "<=",
          Array [
            "get",
            "model",
          ],
          "sonyzzzzzzzzzzzzzzzzzzzz",
          Array [
            "collator",
            Object {
              "case-sensitive": false,
              "diacritic-sensitive": false,
            },
          ],
        ],
      ],
    ],
  ],
  Array [
    "sequences",
    null,
  ],
  Array [
    "pictures",
    null,
  ],
]
`;

exports[`setPicturesNavigation works 1`] = `
Array [
  Array [
    CustomEvent {
      "isTrusted": false,
    },
  ],
  Array [
    CustomEvent {
      "isTrusted": false,
    },
  ],
  Array [
    CustomEvent {
      "isTrusted": false,
    },
  ],
]
`;

exports[`setPopup opens 1`] = `"<div class=\\"gvs-popup-backdrop\\"></div><div class=\\"gvs-widget-bg\\"><button id=\\"gvs-popup-btn-close\\" class=\\"gvs-btn gvs-widget-bg\\"><svg aria-hidden=\\"true\\" focusable=\\"false\\" data-prefix=\\"fas\\" data-icon=\\"xmark\\" class=\\"svg-inline--fa fa-xmark\\" role=\\"img\\" xmlns=\\"http://www.w3.org/2000/svg\\" viewBox=\\"0 0 384 512\\"><path fill=\\"currentColor\\" d=\\"M342.6 150.6c12.5-12.5 12.5-32.8 0-45.3s-32.8-12.5-45.3 0L192 210.7 86.6 105.4c-12.5-12.5-32.8-12.5-45.3 0s-12.5 32.8 0 45.3L146.7 256 41.4 361.4c-12.5 12.5-12.5 32.8 0 45.3s32.8 12.5 45.3 0L192 301.3 297.4 406.6c12.5 12.5 32.8 12.5 45.3 0s12.5-32.8 0-45.3L237.3 256 342.6 150.6z\\"></path></svg></button>BLABLABLA</div>"`;

exports[`setPopup reopens 1`] = `"<div class=\\"gvs-popup-backdrop\\"></div><div class=\\"gvs-widget-bg\\"><button id=\\"gvs-popup-btn-close\\" class=\\"gvs-btn gvs-widget-bg\\"><svg aria-hidden=\\"true\\" focusable=\\"false\\" data-prefix=\\"fas\\" data-icon=\\"xmark\\" class=\\"svg-inline--fa fa-xmark\\" role=\\"img\\" xmlns=\\"http://www.w3.org/2000/svg\\" viewBox=\\"0 0 384 512\\"><path fill=\\"currentColor\\" d=\\"M342.6 150.6c12.5-12.5 12.5-32.8 0-45.3s-32.8-12.5-45.3 0L192 210.7 86.6 105.4c-12.5-12.5-32.8-12.5-45.3 0s-12.5 32.8 0 45.3L146.7 256 41.4 361.4c-12.5 12.5-12.5 32.8 0 45.3s32.8 12.5 45.3 0L192 301.3 297.4 406.6c12.5 12.5 32.8 12.5 45.3 0s12.5-32.8 0-45.3L237.3 256 342.6 150.6z\\"></path></svg></button>BLABLABLA</div>"`;
